Fit performed by francesco on 18/09/2023 at 19:20:16

Mixture spectrum: /home/francesco/Programma/IHM/test/M

Absolute intensity correction: I = 7.21311e+01

Relative intensities:
Comp.   1: 0.16727
Comp.   2: 0.52082
Comp.   3: 0.31192



Component 1 fitted parameters:
          Region;	   Intensity
------------------------------------------------------------------------------------------------
    10.000:0.000;	1.206514e+01

   #;	       u;	    fwhm;	 Rel. I.;	   Phase;	     x_g;	   Group
------------------------------------------------------------------------------------------------
   1;	   8.000;	   3.009;	 0.33335;	   0.000;	   0.000;	       0
   2;	   6.000;	   3.056;	 0.49999;	   0.000;	   0.000;	       0
   3;	   3.000;	   3.078;	 0.16665;	   0.000;	   0.000;	       0
------------------------------------------------------------------------------------------------

================================================================================================



Component 2 fitted parameters:
          Region;	   Intensity
------------------------------------------------------------------------------------------------
    10.000:0.000;	3.756704e+01

   #;	       u;	    fwhm;	 Rel. I.;	   Phase;	     x_g;	   Group
------------------------------------------------------------------------------------------------
   1;	   5.000;	   3.009;	 0.39996;	   0.000;	   0.000;	       0
   2;	   3.000;	   3.014;	 0.26663;	   0.000;	   0.000;	       0
   3;	   8.750;	   3.008;	 0.13336;	   0.000;	   0.000;	       0
   4;	   7.750;	   3.007;	 0.20005;	   0.000;	   0.000;	       0
------------------------------------------------------------------------------------------------

================================================================================================



Component 3 fitted parameters:
          Region;	   Intensity
------------------------------------------------------------------------------------------------
    10.000:0.000;	2.249897e+01

   #;	       u;	    fwhm;	 Rel. I.;	   Phase;	     x_g;	   Group
------------------------------------------------------------------------------------------------
   1;	   1.000;	   3.000;	 0.66664;	   0.000;	   0.000;	       0
   2;	   9.250;	   3.007;	 0.20001;	   0.000;	   0.000;	       0
   3;	   7.000;	   3.007;	 0.13336;	   0.000;	   0.000;	       0
------------------------------------------------------------------------------------------------

================================================================================================



